
> build
> node scripts/prepare-static-deployment.mjs && node scripts/render-social-assets.mjs && next build --webpack

▲ Next.js 16.3.3 (webpack)
✓ Running next.config.js took 9ms

  Running TypeScript ...
  Finished TypeScript in 1ms ...
  Creating an optimized production build ...
✓ Compiled successfully in 3.2s
  Collecting page data using 9 workers ...
  Generating static pages using 9 workers (0/8) ...
  Generating static pages using 9 workers (2/8) 
  Generating static pages using 9 workers (4/8) 
  Generating static pages using 9 workers (6/8) 
✓ Generating static pages using 9 workers (8/8) in 428ms
  Finalizing page optimization ...
  Collecting build traces ...
  Exporting using 9 workers (0/8) ...
  Exporting using 9 workers (2/8) 
  Exporting using 9 workers (4/8) 
  Exporting using 9 workers (6/8) 
✓ Exporting using 9 workers (8/8) in 318ms

Route (pages)
┌ ○ /
├   /_app
├ ○ /404
├ ○ /estimate-request-intake
├ ○ /quote-ready-checklist
├ ○ /request
├ ○ /site-visit-handoff
└ ○ /works-with-your-tools

○  (Static)  prerendered as static content

